[     253ms] [INFO] %cDownload the React DevTools for a better development experience: https://reactjs.org/link/react-devtools font-weight:bold @ http://localhost:5199/Amelie/node_modules/.vite/deps/chunk-UVXKGGW7.js?v=cff1aa6f:21608
[    7975ms] [LOG] [vite] server connection lost. Polling for restart... @ http://localhost:5199/Amelie/@vite/client:963
[    7977ms] [ERROR] WebSocket connection to 'ws://localhost:5199/Amelie/' failed: Error in connection establishment: net::ERR_CONNECTION_REFUSED @ http://localhost:5199/Amelie/@vite/client:1034
[    8980ms] [ERROR] WebSocket connection to 'ws://localhost:5199/Amelie/' failed: Error in connection establishment: net::ERR_CONNECTION_REFUSED @ http://localhost:5199/Amelie/@vite/client:1034
[    9985ms] [ERROR] WebSocket connection to 'ws://localhost:5199/Amelie/' failed: Error in connection establishment: net::ERR_CONNECTION_REFUSED @ http://localhost:5199/Amelie/@vite/client:1034
[   10989ms] [ERROR] WebSocket connection to 'ws://localhost:5199/Amelie/' failed: Error in connection establishment: net::ERR_CONNECTION_REFUSED @ http://localhost:5199/Amelie/@vite/client:1034
[   11991ms] [ERROR] WebSocket connection to 'ws://localhost:5199/Amelie/' failed: Error in connection establishment: net::ERR_CONNECTION_REFUSED @ http://localhost:5199/Amelie/@vite/client:1034
[   12994ms] [ERROR] WebSocket connection to 'ws://localhost:5199/Amelie/' failed: Error in connection establishment: net::ERR_CONNECTION_REFUSED @ http://localhost:5199/Amelie/@vite/client:1034
[   13996ms] [ERROR] WebSocket connection to 'ws://localhost:5199/Amelie/' failed: Error in connection establishment: net::ERR_CONNECTION_REFUSED @ http://localhost:5199/Amelie/@vite/client:1034
[   14998ms] [ERROR] WebSocket connection to 'ws://localhost:5199/Amelie/' failed: Error in connection establishment: net::ERR_CONNECTION_REFUSED @ http://localhost:5199/Amelie/@vite/client:1034
[   16001ms] [ERROR] WebSocket connection to 'ws://localhost:5199/Amelie/' failed: Error in connection establishment: net::ERR_CONNECTION_REFUSED @ http://localhost:5199/Amelie/@vite/client:1034
[   17003ms] [ERROR] WebSocket connection to 'ws://localhost:5199/Amelie/' failed: Error in connection establishment: net::ERR_CONNECTION_REFUSED @ http://localhost:5199/Amelie/@vite/client:1034
[   18005ms] [ERROR] WebSocket connection to 'ws://localhost:5199/Amelie/' failed: Error in connection establishment: net::ERR_CONNECTION_REFUSED @ http://localhost:5199/Amelie/@vite/client:1034
[   19008ms] [ERROR] WebSocket connection to 'ws://localhost:5199/Amelie/' failed: Error in connection establishment: net::ERR_CONNECTION_REFUSED @ http://localhost:5199/Amelie/@vite/client:1034
[   20012ms] [ERROR] WebSocket connection to 'ws://localhost:5199/Amelie/' failed: Error in connection establishment: net::ERR_CONNECTION_REFUSED @ http://localhost:5199/Amelie/@vite/client:1034
[   21016ms] [ERROR] WebSocket connection to 'ws://localhost:5199/Amelie/' failed: Error in connection establishment: net::ERR_CONNECTION_REFUSED @ http://localhost:5199/Amelie/@vite/client:1034
[   22020ms] [ERROR] WebSocket connection to 'ws://localhost:5199/Amelie/' failed: Error in connection establishment: net::ERR_CONNECTION_REFUSED @ http://localhost:5199/Amelie/@vite/client:1034
[   23024ms] [ERROR] WebSocket connection to 'ws://localhost:5199/Amelie/' failed: Error in connection establishment: net::ERR_CONNECTION_REFUSED @ http://localhost:5199/Amelie/@vite/client:1034
[   24029ms] [ERROR] WebSocket connection to 'ws://localhost:5199/Amelie/' failed: Error in connection establishment: net::ERR_CONNECTION_REFUSED @ http://localhost:5199/Amelie/@vite/client:1034
[   25034ms] [ERROR] WebSocket connection to 'ws://localhost:5199/Amelie/' failed: Error in connection establishment: net::ERR_CONNECTION_REFUSED @ http://localhost:5199/Amelie/@vite/client:1034
[   26040ms] [ERROR] WebSocket connection to 'ws://localhost:5199/Amelie/' failed: Error in connection establishment: net::ERR_CONNECTION_REFUSED @ http://localhost:5199/Amelie/@vite/client:1034
[   27045ms] [ERROR] WebSocket connection to 'ws://localhost:5199/Amelie/' failed: Error in connection establishment: net::ERR_CONNECTION_REFUSED @ http://localhost:5199/Amelie/@vite/client:1034
[   28053ms] [ERROR] WebSocket connection to 'ws://localhost:5199/Amelie/' failed: Error in connection establishment: net::ERR_CONNECTION_REFUSED @ http://localhost:5199/Amelie/@vite/client:1034
[   29069ms] [ERROR] WebSocket connection to 'ws://localhost:5199/Amelie/' failed: Error in connection establishment: net::ERR_CONNECTION_REFUSED @ http://localhost:5199/Amelie/@vite/client:1034
[   30077ms] [ERROR] WebSocket connection to 'ws://localhost:5199/Amelie/' failed: Error in connection establishment: net::ERR_CONNECTION_REFUSED @ http://localhost:5199/Amelie/@vite/client:1034
[   31086ms] [ERROR] WebSocket connection to 'ws://localhost:5199/Amelie/' failed: Error in connection establishment: net::ERR_CONNECTION_REFUSED @ http://localhost:5199/Amelie/@vite/client:1034
[   32100ms] [ERROR] WebSocket connection to 'ws://localhost:5199/Amelie/' failed: Error in connection establishment: net::ERR_CONNECTION_REFUSED @ http://localhost:5199/Amelie/@vite/client:1034
[   33117ms] [ERROR] WebSocket connection to 'ws://localhost:5199/Amelie/' failed: Error in connection establishment: net::ERR_CONNECTION_REFUSED @ http://localhost:5199/Amelie/@vite/client:1034
[   34145ms] [ERROR] WebSocket connection to 'ws://localhost:5199/Amelie/' failed: Error in connection establishment: net::ERR_CONNECTION_REFUSED @ http://localhost:5199/Amelie/@vite/client:1034
[   35204ms] [ERROR] WebSocket connection to 'ws://localhost:5199/Amelie/' failed: Error in connection establishment: net::ERR_CONNECTION_REFUSED @ http://localhost:5199/Amelie/@vite/client:1034
[   36223ms] [ERROR] WebSocket connection to 'ws://localhost:5199/Amelie/' failed: Error in connection establishment: net::ERR_CONNECTION_REFUSED @ http://localhost:5199/Amelie/@vite/client:1034
[   37257ms] [ERROR] WebSocket connection to 'ws://localhost:5199/Amelie/' failed: Error in connection establishment: net::ERR_CONNECTION_REFUSED @ http://localhost:5199/Amelie/@vite/client:1034
[   38300ms] [ERROR] WebSocket connection to 'ws://localhost:5199/Amelie/' failed: Error in connection establishment: net::ERR_CONNECTION_REFUSED @ http://localhost:5199/Amelie/@vite/client:1034
[   39449ms] [ERROR] WebSocket connection to 'ws://localhost:5199/Amelie/' failed: Error in connection establishment: net::ERR_CONNECTION_REFUSED @ http://localhost:5199/Amelie/@vite/client:1034
[   40507ms] [ERROR] WebSocket connection to 'ws://localhost:5199/Amelie/' failed: Error in connection establishment: net::ERR_CONNECTION_REFUSED @ http://localhost:5199/Amelie/@vite/client:1034
[   41651ms] [ERROR] WebSocket connection to 'ws://localhost:5199/Amelie/' failed: Error in connection establishment: net::ERR_CONNECTION_REFUSED @ http://localhost:5199/Amelie/@vite/client:1034
[   42938ms] [ERROR] WebSocket connection to 'ws://localhost:5199/Amelie/' failed: Error in connection establishment: net::ERR_CONNECTION_REFUSED @ http://localhost:5199/Amelie/@vite/client:1034
[   44065ms] [ERROR] WebSocket connection to 'ws://localhost:5199/Amelie/' failed: Error in connection establishment: net::ERR_CONNECTION_REFUSED @ http://localhost:5199/Amelie/@vite/client:1034
[   45584ms] [ERROR] WebSocket connection to 'ws://localhost:5199/Amelie/' failed: Error in connection establishment: net::ERR_CONNECTION_REFUSED @ http://localhost:5199/Amelie/@vite/client:1034
[   46730ms] [ERROR] WebSocket connection to 'ws://localhost:5199/Amelie/' failed: Error in connection establishment: net::ERR_CONNECTION_REFUSED @ http://localhost:5199/Amelie/@vite/client:1034
[   48345ms] [ERROR] WebSocket connection to 'ws://localhost:5199/Amelie/' failed: Error in connection establishment: net::ERR_CONNECTION_REFUSED @ http://localhost:5199/Amelie/@vite/client:1034
[   49948ms] [ERROR] WebSocket connection to 'ws://localhost:5199/Amelie/' failed: Error in connection establishment: net::ERR_CONNECTION_REFUSED @ http://localhost:5199/Amelie/@vite/client:1034
[   51699ms] [ERROR] WebSocket connection to 'ws://localhost:5199/Amelie/' failed: Error in connection establishment: net::ERR_CONNECTION_REFUSED @ http://localhost:5199/Amelie/@vite/client:1034
[   53307ms] [ERROR] WebSocket connection to 'ws://localhost:5199/Amelie/' failed: Error in connection establishment: net::ERR_CONNECTION_REFUSED @ http://localhost:5199/Amelie/@vite/client:1034
[   55476ms] [ERROR] WebSocket connection to 'ws://localhost:5199/Amelie/' failed: Error in connection establishment: net::ERR_CONNECTION_REFUSED @ http://localhost:5199/Amelie/@vite/client:1034
[   58832ms] [ERROR] WebSocket connection to 'ws://localhost:5199/Amelie/' failed: Error in connection establishment: net::ERR_CONNECTION_REFUSED @ http://localhost:5199/Amelie/@vite/client:1034
[   61904ms] [ERROR] WebSocket connection to 'ws://localhost:5199/Amelie/' failed: Error in connection establishment: net::ERR_CONNECTION_REFUSED @ http://localhost:5199/Amelie/@vite/client:1034
[   67136ms] [ERROR] WebSocket connection to 'ws://localhost:5199/Amelie/' failed: Error in connection establishment: net::ERR_CONNECTION_REFUSED @ http://localhost:5199/Amelie/@vite/client:1034
[   69504ms] [ERROR] WebSocket connection to 'ws://localhost:5199/Amelie/' failed: Error in connection establishment: net::ERR_CONNECTION_REFUSED @ http://localhost:5199/Amelie/@vite/client:1034
[   72964ms] [ERROR] WebSocket connection to 'ws://localhost:5199/Amelie/' failed: Error in connection establishment: net::ERR_CONNECTION_REFUSED @ http://localhost:5199/Amelie/@vite/client:1034
[   77175ms] [ERROR] WebSocket connection to 'ws://localhost:5199/Amelie/' failed: Error in connection establishment: net::ERR_CONNECTION_REFUSED @ http://localhost:5199/Amelie/@vite/client:1034
[   82060ms] [ERROR] WebSocket connection to 'ws://localhost:5199/Amelie/' failed: Error in connection establishment: net::ERR_CONNECTION_REFUSED @ http://localhost:5199/Amelie/@vite/client:1034
[  220196ms] [ERROR] WebSocket connection to 'ws://localhost:5199/Amelie/' failed: Error in connection establishment: net::ERR_CONNECTION_TIMED_OUT @ http://localhost:5199/Amelie/@vite/client:1034
